// Jest Snapshot v1, https://goo.gl/fbAQLP

exports[`Port component should render snapshot 1`] = `ShallowWrapper {}`;
