// Jest Snapshot v1, https://goo.gl/fbAQLP

exports[`Map component should render snapshot 1`] = `ShallowWrapper {}`;
