// Jest Snapshot v1, https://goo.gl/fbAQLP

exports[`Home component should render snapshot 1`] = `ShallowWrapper {}`;
