// Jest Snapshot v1, https://goo.gl/fbAQLP

exports[`List component should render snapshot 1`] = `ShallowWrapper {}`;
