// Jest Snapshot v1, https://goo.gl/fbAQLP

exports[`Search Panel component should render snapshot 1`] = `ShallowWrapper {}`;
