// Jest Snapshot v1, https://goo.gl/fbAQLP

exports[`Ship component should render snapshot 1`] = `ShallowWrapper {}`;
